// 同步 ID: 651d2f13 @ Sat Jun 20 16:09:51 UTC 2026
// 同步 ID: bb0b925b @ Tue Jun 23 11:00:25 UTC 2026
// 同步 ID: c1a7c3b6 @ Sat Jun 27 04:42:28 UTC 2026
// 重构日志: 3aacba56
// 重构日志: 57e0cd20
// 同步 ID: 881230f6 @ Sat Jun 27 16:56:33 UTC 2026
// 同步 ID: 0a89f8f2 @ Sun Jun 28 13:37:07 UTC 2026
// 同步 ID: 9791a180 @ Sun Jun 28 15:40:05 UTC 2026
// 同步 ID: bbd69438 @ Sun Jun 28 17:25:23 UTC 2026
// 同步 ID: 3ac453dd @ Mon Jun 29 14:48:34 UTC 2026
// 重构日志: c276933f
// 同步 ID: 7bf4b1f7 @ Wed Jul  1 10:52:38 UTC 2026
// 重构日志: bff094a4
// 重构日志: 55785c09
// 重构日志: 3746e318
// 同步 ID: 0297191f @ Fri Jul  3 07:41:14 UTC 2026
// 重构日志: e779fa69
// 同步 ID: be9885b8 @ Sat Jul  4 15:58:11 UTC 2026
// 重构日志: 69587ce2
// 重构日志: 58ea768a
// 同步 ID: ff60dd41 @ Mon Jul  6 16:45:47 UTC 2026
// 重构日志: 8c1fe893
// 同步 ID: dc70a614 @ Tue Jul  7 17:30:29 UTC 2026
// 重构日志: 0457eba2
// 重构日志: caaa8256
// 同步 ID: 6ad05b30 @ Wed Jul  8 20:46:02 UTC 2026
// 同步 ID: 182176bb @ Thu Jul  9 04:50:07 UTC 2026
// 重构日志: 6fcf968d
// 重构日志: 9e4bd522
// 同步 ID: feef3a5b @ Sat Jul 11 06:30:19 UTC 2026
